C:\Users\paleo\Downloads\hermestes\robotics-rl-portfolio\s8_scaling\fits.py:54: RuntimeWarning: overflow encountered in exp
  d_c = np.exp(intercept / alpha) if alpha != 0 else float("nan")
# S8 results summary

## Data scaling: power-law fits (mean over seeds)

### withheld family (stack), zero-shot, best over training

| size | params | loss @ first | loss @ last | α (pure) | R² | α (offset) | L∞ | gain last doubling |
|---|---|---|---|---|---|---|---|---|
| t | 11,240 | 0.1211 | 0.0913 | 0.078 | 0.851 | 0.408 | 0.0807 | 0.8% |
| s | 30,632 | 0.1157 | 0.0842 | 0.087 | 0.927 | 0.368 | 0.0716 | -1.6% |
| m | 159,784 | 0.0870 | 0.0595 | 0.090 | 0.957 | 0.414 | 0.0537 | 5.2% |
| l | 581,672 | 0.0787 | 0.0571 | 0.075 | 0.975 | 0.331 | 0.0502 | 3.8% |
| xl | 3,261,480 | 0.0810 | 0.0454 | 0.140 | 0.942 | 0.541 | 0.0406 | 2.2% |

### validation on the common held-out set

| size | params | loss @ first | loss @ last | α (pure) | R² | α (offset) | L∞ | gain last doubling |
|---|---|---|---|---|---|---|---|---|
| t | 11,240 | 0.0230 | 0.0132 | 0.151 | 0.971 | 0.159 | 0.0007 | 2.4% |
| s | 30,632 | 0.0203 | 0.0111 | 0.162 | 0.967 | 0.244 | 0.0048 | 2.5% |
| m | 159,784 | 0.0168 | 0.0091 | 0.148 | 0.985 | 0.354 | 0.0068 | 6.1% |
| l | 581,672 | 0.0168 | 0.0088 | 0.145 | 0.985 | 0.303 | 0.0061 | 11.9% |
| xl | 3,261,480 | 0.0165 | 0.0089 | 0.136 | 0.983 | 0.221 | 0.0046 | 12.6% |

### withheld family at the best-val checkpoint (raw)

| size | params | loss @ first | loss @ last | α (pure) | R² | α (offset) | L∞ | gain last doubling |
|---|---|---|---|---|---|---|---|---|
| t | 11,240 | 0.1219 | 0.0987 | 0.062 | 0.723 | 0.546 | 0.0901 | -3.1% |
| s | 30,632 | 0.1163 | 0.0919 | 0.070 | 0.807 | 0.532 | 0.0839 | -5.8% |
| m | 159,784 | 0.0895 | 0.0639 | 0.072 | 0.899 | 0.559 | 0.0633 | 8.7% |
| l | 581,672 | 0.0797 | 0.0795 | -0.004 | 0.015 | 0.001 | 0.0719 | -1.0% |
| xl | 3,261,480 | 0.0838 | 0.1519 | -0.121 | 0.348 | 0.001 | 0.0625 | -94.9% |

### own-prefix validation (raw, NOT comparable across scales)

| size | params | loss @ first | loss @ last | α (pure) | R² | α (offset) | L∞ | gain last doubling |
|---|---|---|---|---|---|---|---|---|
| t | 11,240 | 0.0246 | 0.0132 | 0.157 | 0.944 | 0.423 | 0.0103 | -2.0% |
| s | 30,632 | 0.0215 | 0.0112 | 0.164 | 0.927 | 0.541 | 0.0095 | -2.7% |
| m | 159,784 | 0.0178 | 0.0091 | 0.149 | 0.857 | 0.952 | 0.0090 | -0.5% |
| l | 581,672 | 0.0179 | 0.0088 | 0.146 | 0.842 | 0.878 | 0.0088 | 4.6% |
| xl | 3,261,480 | 0.0177 | 0.0088 | 0.137 | 0.807 | 0.843 | 0.0088 | 7.7% |

## Transfer: stack success (pooled over seeds, Wilson 95% CI)

| pretraining | 0 demos | 10 demos | 30 demos | 100 demos |
|---|---|---|---|---|
| scratch | — | 0% [0, 2] | 5% [3, 9] | 11% [7, 16] |
| 0.5 h | 0% [0, 3] | 2% [1, 5] | 12% [8, 17] | 20% [15, 27] |
| 1 h | 0% [0, 3] | 5% [3, 9] | 16% [12, 22] | 22% [17, 29] |
| 2 h | 1% [0, 4] | 10% [7, 16] | 18% [13, 24] | 27% [21, 34] |
| 4 h | 2% [1, 4] | 8% [5, 12] | 18% [13, 23] | 32% [25, 38] |
| 8 h | 0% [0, 2] | 10% [6, 14] | 24% [19, 31] | 36% [30, 43] |
| 16 h | 4% [2, 7] | 14% [10, 20] | 31% [25, 38] | 36% [30, 43] |
| 32 h | 2% [1, 6] | 16% [11, 21] | 22% [17, 29] | 42% [36, 49] |

### Paired difference, pretrained − scratch (same instances, same seed)

| pretraining | 10 demos | 30 demos | 100 demos |
|---|---|---|---|
| 0.5 h | +2 pts [+0, +4] | +6 pts [+2, +12] | +10 pts [+2, +16] |
| 1 h | +5 pts [+2, +8] | +11 pts [+5, +17] | +12 pts [+5, +18] |
| 2 h | +10 pts [+6, +15] | +13 pts [+6, +20] | +16 pts [+8, +23] |
| 4 h | +8 pts [+4, +12] | +12 pts [+6, +18] | +20 pts [+13, +28] |
| 8 h | +10 pts [+6, +14] | +20 pts [+13, +26] | +25 pts [+18, +32] |
| 16 h | +14 pts [+10, +20] | +26 pts [+18, +33] | +26 pts [+18, +33] |
| 32 h | +16 pts [+10, +20] | +18 pts [+11, +24] | +32 pts [+24, +40] |

## Multi-task closed-loop success (50 episodes per family)

| checkpoint | reach | push | lift | place | topple | mean |
|---|---|---|---|---|---|---|
| l/0.5h | 92% | 56% | 60% | 28% | 100% | 67% |
| l/1.0h | 100% | 60% | 46% | 38% | 100% | 69% |
| l/16.0h | 100% | 70% | 82% | 72% | 100% | 85% |
| l/2.0h | 100% | 76% | 56% | 58% | 100% | 78% |
| l/32.0h | 100% | 78% | 78% | 70% | 100% | 85% |
| l/4.0h | 100% | 72% | 72% | 44% | 100% | 78% |
| l/8.0h | 100% | 74% | 74% | 54% | 100% | 80% |
| m/0.5h | 92% | 56% | 46% | 40% | 100% | 67% |
| m/1.0h | 98% | 56% | 56% | 28% | 100% | 68% |
| m/16.0h | 100% | 72% | 74% | 64% | 100% | 82% |
| m/2.0h | 98% | 62% | 54% | 62% | 100% | 75% |
| m/32.0h | 100% | 72% | 70% | 74% | 100% | 83% |
| m/4.0h | 98% | 58% | 68% | 58% | 100% | 76% |
| m/8.0h | 100% | 70% | 68% | 58% | 100% | 79% |
| s/0.5h | 82% | 34% | 22% | 16% | 100% | 51% |
| s/1.0h | 84% | 42% | 30% | 16% | 100% | 54% |
| s/16.0h | 96% | 64% | 58% | 50% | 100% | 74% |
| s/2.0h | 84% | 42% | 38% | 38% | 100% | 60% |
| s/32.0h | 100% | 68% | 70% | 50% | 100% | 78% |
| s/4.0h | 94% | 60% | 58% | 50% | 100% | 72% |
| s/8.0h | 94% | 58% | 70% | 56% | 100% | 76% |
| t/0.5h | 64% | 30% | 40% | 4% | 100% | 48% |
| t/1.0h | 68% | 30% | 52% | 6% | 98% | 51% |
| t/16.0h | 88% | 46% | 58% | 54% | 100% | 69% |
| t/2.0h | 66% | 28% | 32% | 18% | 98% | 48% |
| t/32.0h | 76% | 58% | 58% | 46% | 100% | 68% |
| t/4.0h | 78% | 44% | 42% | 24% | 100% | 58% |
| t/8.0h | 76% | 36% | 50% | 28% | 100% | 58% |
| xl/0.5h | 100% | 46% | 58% | 26% | 100% | 66% |
| xl/1.0h | 100% | 68% | 50% | 42% | 100% | 72% |
| xl/16.0h | 100% | 72% | 86% | 70% | 100% | 86% |
| xl/2.0h | 100% | 76% | 62% | 26% | 100% | 73% |
| xl/32.0h | 100% | 74% | 82% | 78% | 100% | 87% |
| xl/4.0h | 100% | 66% | 68% | 54% | 100% | 78% |
| xl/8.0h | 100% | 72% | 66% | 52% | 100% | 78% |

