50 cells already complete; 20 to run
[1/20   1749s]  l/16.0h seed1 val 0.0091  withheld 0.0841  (128173 steps, 1743s)
[2/20   1781s]  l/16.0h seed0 val 0.0093  withheld 0.0734  (128173 steps, 1775s)
[3/20   3824s]  l/32.0h seed0 val 0.0088  withheld 0.0724  (150000 steps, 2072s)
[4/20   3886s]  l/32.0h seed1 val 0.0087  withheld 0.0866  (150000 steps, 2103s)
[5/20   4708s]  m/16.0h seed0 val 0.0090  withheld 0.0736  (128173 steps, 883s)
[6/20   4784s]  m/16.0h seed1 val 0.0090  withheld 0.0665  (128173 steps, 898s)
[7/20   5719s]  m/32.0h seed0 val 0.0091  withheld 0.0636  (150000 steps, 1010s)
[8/20   5806s]  m/32.0h seed1 val 0.0090  withheld 0.0643  (150000 steps, 1020s)
[9/20   6155s]  s/16.0h seed0 val 0.0108  withheld 0.0900  (128173 steps, 435s)
[10/20   6247s]  s/16.0h seed1 val 0.0109  withheld 0.0838  (128173 steps, 440s)
[11/20   6550s] xl/16.0h seed1 val 0.0096  withheld 0.0707  (128173 steps, 6544s)
[12/20   6654s]  s/32.0h seed0 val 0.0112  withheld 0.0972  (150000 steps, 496s)
[13/20   6692s] xl/16.0h seed0 val 0.0095  withheld 0.0851  (128173 steps, 6686s)
[14/20   6740s]  s/32.0h seed1 val 0.0111  withheld 0.0866  (150000 steps, 491s)
[15/20   6851s]  t/16.0h seed0 val 0.0128  withheld 0.0920  (128173 steps, 299s)
[16/20   6942s]  t/16.0h seed1 val 0.0131  withheld 0.0995  (128173 steps, 287s)
[17/20   7022s]  t/32.0h seed0 val 0.0131  withheld 0.0979  (150000 steps, 328s)
[18/20   7070s]  t/32.0h seed1 val 0.0133  withheld 0.0995  (150000 steps, 328s)
[19/20   7515s] xl/32.0h seed1 val 0.0088  withheld 0.2286  (150000 steps, 7509s)
[20/20   7573s] xl/32.0h seed0 val 0.0088  withheld 0.0751  (150000 steps, 7566s)
sweep done in 7575s
