50 cells already complete; 20 to run
[1/20    356s]  m/8.0 h seed0 val 0.0100  withheld 0.0677  (63922 steps, 351s)
[2/20    360s]  m/8.0 h seed1 val 0.0100  withheld 0.0685  (63922 steps, 355s)
[3/20    549s] xl/0.5 h seed0 val 0.0172  withheld 0.0788  (4006 steps, 192s)
[4/20    555s] xl/0.5 h seed1 val 0.0172  withheld 0.0880  (4006 steps, 194s)
[5/20    709s]  l/8.0 h seed0 val 0.0103  withheld 0.0717  (63922 steps, 703s)
[6/20    713s]  l/8.0 h seed1 val 0.0103  withheld 0.0740  (63922 steps, 707s)
[7/20    733s]  s/8.0 h seed0 val 0.0120  withheld 0.0890  (63922 steps, 184s)
[8/20    740s]  s/8.0 h seed1 val 0.0119  withheld 0.0908  (63922 steps, 185s)
[9/20    774s]  l/0.5 h seed0 val 0.0185  withheld 0.0826  (4006 steps, 41s)
[10/20    781s]  l/0.5 h seed1 val 0.0176  withheld 0.0829  (4006 steps, 41s)
[11/20    794s]  m/0.5 h seed0 val 0.0194  withheld 0.0933  (4006 steps, 20s)
[12/20    801s]  m/0.5 h seed1 val 0.0200  withheld 0.0950  (4006 steps, 20s)
[13/20    805s]  s/0.5 h seed0 val 0.0245  withheld 0.1152  (4006 steps, 10s)
[14/20    812s]  s/0.5 h seed1 val 0.0242  withheld 0.1430  (4006 steps, 10s)
[15/20    813s]  t/0.5 h seed0 val 0.0279  withheld 0.1369  (4006 steps, 8s)
[16/20    820s]  t/0.5 h seed1 val 0.0274  withheld 0.1403  (4006 steps, 8s)
[17/20    851s]  t/8.0 h seed0 val 0.0143  withheld 0.0889  (63922 steps, 141s)
[18/20    854s]  t/8.0 h seed1 val 0.0145  withheld 0.0927  (63922 steps, 141s)
[19/20   2604s] xl/8.0 h seed1 val 0.0104  withheld 0.0912  (63922 steps, 2598s)
[20/20   2610s] xl/8.0 h seed0 val 0.0104  withheld 0.0923  (63922 steps, 2605s)
sweep done in 2612s
