0 cells already complete; 70 to run
[1/70   3534s] xl/8.0 h seed0 val 0.0103  withheld 0.0871  (60000 steps, 3527s)
[2/70   3603s] xl/16.0h seed0 val 0.0091  withheld 0.0508  (60000 steps, 3596s)
[3/70   3624s] xl/32.0h seed0 val 0.0090  withheld 0.0527  (60000 steps, 3616s)
[4/70   3624s] xl/8.0 h seed1 val 0.0104  withheld 0.1108  (60000 steps, 3617s)
[5/70   3669s] xl/16.0h seed1 val 0.0093  withheld 0.0664  (60000 steps, 3662s)
[6/70   3692s] xl/32.0h seed1 val 0.0090  withheld 0.0761  (60000 steps, 3684s)
[7/70   4345s]  l/8.0 h seed1 val 0.0102  withheld 0.0759  (60000 steps, 720s)
[8/70   4352s]  l/8.0 h seed0 val 0.0103  withheld 0.0708  (60000 steps, 728s)
[9/70   4397s]  l/16.0h seed0 val 0.0091  withheld 0.0704  (60000 steps, 727s)
[10/70   4421s]  l/16.0h seed1 val 0.0091  withheld 0.0707  (60000 steps, 728s)
[11/70   5096s] xl/4.0 h seed0 val 0.0105  withheld 0.0610  (32001 steps, 1562s)
[12/70   5158s]  l/32.0h seed1 val 0.0092  withheld 0.0656  (60000 steps, 804s)
[13/70   5166s] xl/4.0 h seed1 val 0.0106  withheld 0.0652  (32001 steps, 1562s)
[14/70   5168s]  l/32.0h seed0 val 0.0092  withheld 0.0648  (60000 steps, 821s)
[15/70   5225s] xl/2.0 h seed0 val 0.0122  withheld 0.0638  (15988 steps, 828s)
[16/70   5244s] xl/2.0 h seed1 val 0.0122  withheld 0.0612  (15988 steps, 822s)
[17/70   5468s]  l/4.0 h seed0 val 0.0106  withheld 0.0733  (32001 steps, 372s)
[18/70   5516s] xl/1.0 h seed0 val 0.0115  withheld 0.0733  (8028 steps, 350s)
[19/70   5522s]  l/4.0 h seed1 val 0.0105  withheld 0.0704  (32001 steps, 364s)
[20/70   5523s] xl/1.0 h seed1 val 0.0117  withheld 0.0739  (8028 steps, 355s)
[21/70   5564s]  m/8.0 h seed0 val 0.0100  withheld 0.0673  (60000 steps, 338s)
[22/70   5576s]  m/8.0 h seed1 val 0.0100  withheld 0.0683  (60000 steps, 332s)
[23/70   5718s]  l/2.0 h seed0 val 0.0121  withheld 0.0754  (15988 steps, 154s)
[24/70   5732s]  l/2.0 h seed1 val 0.0120  withheld 0.0712  (15988 steps, 156s)
[25/70   5779s]  m/16.0h seed0 val 0.0094  withheld 0.0704  (60000 steps, 310s)
[26/70   5824s]  m/16.0h seed1 val 0.0093  withheld 0.0676  (60000 steps, 307s)
[27/70   5834s]  m/32.0h seed0 val 0.0098  withheld 0.0679  (60000 steps, 311s)
[28/70   5850s]  m/32.0h seed1 val 0.0098  withheld 0.0646  (60000 steps, 325s)
[29/70   5946s]  m/4.0 h seed0 val 0.0103  withheld 0.0751  (32001 steps, 166s)
[30/70   5987s]  m/4.0 h seed1 val 0.0103  withheld 0.0687  (32001 steps, 162s)
[31/70   5999s]  s/8.0 h seed0 val 0.0121  withheld 0.0897  (60000 steps, 164s)
[32/70   6024s]  s/8.0 h seed1 val 0.0120  withheld 0.0900  (60000 steps, 173s)
[33/70   6039s] xl/0.5 h seed0 val 0.0176  withheld 0.0791  (8000 steps, 321s)
[34/70   6055s] xl/0.5 h seed1 val 0.0178  withheld 0.0885  (8000 steps, 322s)
[35/70   6106s]  s/16.0h seed0 val 0.0119  withheld 0.0874  (60000 steps, 159s)
[36/70   6114s]  l/1.0 h seed0 val 0.0121  withheld 0.0770  (8028 steps, 74s)
[37/70   6128s]  l/1.0 h seed1 val 0.0119  withheld 0.0745  (8028 steps, 73s)
[38/70   6141s]  s/16.0h seed1 val 0.0119  withheld 0.0904  (60000 steps, 152s)
[39/70   6153s]  s/32.0h seed0 val 0.0124  withheld 0.0879  (60000 steps, 152s)
[40/70   6174s]  m/2.0 h seed0 val 0.0119  withheld 0.0743  (15988 steps, 68s)
[41/70   6177s]  s/32.0h seed1 val 0.0123  withheld 0.0877  (60000 steps, 152s)
[42/70   6181s]  m/2.0 h seed1 val 0.0120  withheld 0.0745  (15988 steps, 67s)
[43/70   6240s]  t/8.0 h seed0 val 0.0144  withheld 0.0877  (60000 steps, 111s)
[44/70   6252s]  t/8.0 h seed1 val 0.0147  withheld 0.0925  (60000 steps, 110s)
[45/70   6266s]  t/16.0h seed0 val 0.0143  withheld 0.0911  (60000 steps, 113s)
[46/70   6288s]  t/16.0h seed1 val 0.0143  withheld 0.1114  (60000 steps, 113s)
[47/70   6292s]  t/32.0h seed0 val 0.0147  withheld 0.0906  (60000 steps, 114s)
[48/70   6298s]  t/32.0h seed1 val 0.0152  withheld 0.0995  (60000 steps, 115s)
[49/70   6310s]  s/4.0 h seed0 val 0.0131  withheld 0.0906  (32001 steps, 70s)
[50/70   6325s]  s/4.0 h seed1 val 0.0129  withheld 0.0955  (32001 steps, 73s)
[51/70   6328s]  m/1.0 h seed0 val 0.0126  withheld 0.0806  (8028 steps, 36s)
[52/70   6334s]  m/1.0 h seed1 val 0.0126  withheld 0.0822  (8028 steps, 36s)
[53/70   6335s]  l/0.5 h seed0 val 0.0186  withheld 0.0800  (8000 steps, 69s)
[54/70   6358s]  l/0.5 h seed1 val 0.0172  withheld 0.0795  (8000 steps, 70s)
[55/70   6364s]  s/2.0 h seed0 val 0.0160  withheld 0.0939  (15988 steps, 35s)
[56/70   6369s]  m/0.5 h seed0 val 0.0177  withheld 0.0887  (8000 steps, 33s)
[57/70   6370s]  s/2.0 h seed1 val 0.0160  withheld 0.1060  (15988 steps, 35s)
[58/70   6372s]  t/4.0 h seed0 val 0.0156  withheld 0.0996  (32001 steps, 62s)
[59/70   6385s]  t/4.0 h seed1 val 0.0159  withheld 0.0983  (32001 steps, 60s)
[60/70   6387s]  s/1.0 h seed0 val 0.0173  withheld 0.1079  (8028 steps, 17s)
[61/70   6390s]  s/1.0 h seed1 val 0.0173  withheld 0.1197  (8028 steps, 17s)
[62/70   6390s]  m/0.5 h seed1 val 0.0179  withheld 0.0902  (8000 steps, 32s)
[63/70   6394s]  t/2.0 h seed0 val 0.0193  withheld 0.1120  (15988 steps, 29s)
[64/70   6398s]  t/2.0 h seed1 val 0.0194  withheld 0.1061  (15988 steps, 29s)
[65/70   6400s]  t/1.0 h seed0 val 0.0200  withheld 0.1142  (8028 steps, 15s)
[66/70   6402s]  t/1.0 h seed1 val 0.0205  withheld 0.1172  (8028 steps, 15s)
[67/70   6406s]  s/0.5 h seed0 val 0.0218  withheld 0.1068  (8000 steps, 16s)
[68/70   6407s]  s/0.5 h seed1 val 0.0212  withheld 0.1259  (8000 steps, 16s)
[69/70   6408s]  t/0.5 h seed0 val 0.0245  withheld 0.1210  (8000 steps, 14s)
[70/70   6411s]  t/0.5 h seed1 val 0.0247  withheld 0.1228  (8000 steps, 13s)
sweep done in 6412s
