62 transfer cells
[1/62    87s] pretrain  0.5h budget   0 seed1: 0.00 [0.00, 0.04]
[2/62    87s] pretrain  0.5h budget   0 seed0: 0.00 [0.00, 0.04]
[3/62    90s] pretrain  1.0h budget   0 seed1: 0.00 [0.00, 0.04]
[4/62    90s] pretrain  1.0h budget   0 seed0: 0.01 [0.00, 0.05]
[5/62   115s] pretrain  0.5h budget 100 seed1: 0.21 [0.14, 0.30]
[6/62   121s] pretrain  0.5h budget  30 seed1: 0.12 [0.07, 0.20]
[7/62   121s] pretrain  0.5h budget  10 seed0: 0.01 [0.00, 0.05]
[8/62   121s] pretrain  1.0h budget  30 seed0: 0.15 [0.09, 0.23]
[9/62   122s] pretrain  0.5h budget 100 seed0: 0.22 [0.15, 0.31]
[10/62   125s] pretrain  1.0h budget 100 seed0: 0.22 [0.15, 0.31]
[11/62   126s] pretrain  0.5h budget  30 seed0: 0.10 [0.06, 0.17]
[12/62   127s] pretrain  0.5h budget  10 seed1: 0.02 [0.01, 0.07]
[13/62   129s] pretrain  1.0h budget  10 seed0: 0.05 [0.02, 0.11]
[14/62   134s] pretrain  1.0h budget  10 seed1: 0.05 [0.02, 0.11]
[15/62   171s] pretrain  2.0h budget   0 seed0: 0.01 [0.00, 0.05]
[16/62   193s] pretrain  1.0h budget 100 seed1: 0.23 [0.16, 0.32]
[17/62   200s] pretrain  1.0h budget  30 seed1: 0.17 [0.11, 0.26]
[18/62   201s] pretrain  4.0h budget   0 seed0: 0.01 [0.00, 0.05]
[19/62   205s] pretrain  2.0h budget   0 seed1: 0.01 [0.00, 0.05]
[20/62   226s] pretrain  2.0h budget  10 seed0: 0.08 [0.04, 0.15]
[21/62   231s] pretrain  2.0h budget 100 seed0: 0.28 [0.20, 0.37]
[22/62   234s] pretrain  2.0h budget  30 seed0: 0.14 [0.09, 0.22]
[23/62   236s] pretrain  2.0h budget 100 seed1: 0.26 [0.18, 0.35]
[24/62   236s] pretrain  4.0h budget 100 seed0: 0.33 [0.25, 0.43]
[25/62   237s] pretrain  4.0h budget  30 seed0: 0.18 [0.12, 0.27]
[26/62   246s] pretrain  4.0h budget  10 seed0: 0.03 [0.01, 0.08]
[27/62   251s] pretrain  4.0h budget   0 seed1: 0.02 [0.01, 0.07]
[28/62   252s] pretrain  2.0h budget  30 seed1: 0.22 [0.15, 0.31]
[29/62   256s] pretrain  2.0h budget  10 seed1: 0.13 [0.08, 0.21]
[30/62   280s] pretrain  8.0h budget   0 seed0: 0.05 [0.02, 0.11]
[31/62   305s] pretrain  4.0h budget 100 seed1: 0.30 [0.22, 0.40]
[32/62   310s] pretrain  8.0h budget   0 seed1: 0.00 [0.00, 0.04]
[33/62   312s] pretrain  4.0h budget  10 seed1: 0.12 [0.07, 0.20]
[34/62   313s] pretrain  4.0h budget  30 seed1: 0.17 [0.11, 0.26]
[35/62   327s] pretrain 16.0h budget   0 seed0: 0.06 [0.03, 0.12]
[36/62   333s] pretrain  8.0h budget  10 seed0: 0.06 [0.03, 0.12]
[37/62   338s] pretrain  8.0h budget  30 seed0: 0.26 [0.18, 0.35]
[38/62   340s] pretrain  8.0h budget 100 seed0: 0.34 [0.25, 0.44]
[39/62   349s] pretrain  8.0h budget  30 seed1: 0.20 [0.13, 0.29]
[40/62   350s] pretrain  8.0h budget  10 seed1: 0.15 [0.09, 0.23]
[41/62   350s] pretrain  8.0h budget 100 seed1: 0.33 [0.25, 0.43]
[42/62   357s] pretrain 16.0h budget  30 seed0: 0.33 [0.25, 0.43]
[43/62   358s] pretrain 16.0h budget  10 seed0: 0.19 [0.13, 0.28]
[44/62   382s] pretrain 16.0h budget 100 seed0: 0.38 [0.29, 0.48]
[45/62   383s] pretrain 16.0h budget   0 seed1: 0.01 [0.00, 0.05]
[46/62   407s] pretrain 32.0h budget   0 seed0: 0.05 [0.02, 0.11]
[47/62   418s] pretrain 16.0h budget  30 seed1: 0.29 [0.21, 0.39]
[48/62   422s] pretrain 16.0h budget 100 seed1: 0.35 [0.26, 0.45]
[49/62   425s] pretrain 16.0h budget  10 seed1: 0.10 [0.06, 0.17]
[50/62   426s] pretrain 32.0h budget   0 seed1: 0.00 [0.00, 0.04]
[51/62   438s] pretrain 32.0h budget  10 seed0: 0.15 [0.09, 0.23]
[52/62   443s] pretrain 32.0h budget 100 seed0: 0.44 [0.35, 0.54]
[53/62   446s] pretrain 32.0h budget  30 seed0: 0.26 [0.18, 0.35]
[54/62   452s] pretrain 32.0h budget  10 seed1: 0.16 [0.10, 0.24]
[55/62   459s] pretrain 32.0h budget  30 seed1: 0.19 [0.13, 0.28]
[56/62   460s] pretrain 32.0h budget 100 seed1: 0.41 [0.32, 0.51]
[57/62   471s] pretrain  0.0h budget  10 seed0: 0.00 [0.00, 0.04]
[58/62   488s] pretrain  0.0h budget 100 seed0: 0.09 [0.05, 0.16]
[59/62   491s] pretrain  0.0h budget  30 seed0: 0.04 [0.02, 0.10]
[60/62   519s] pretrain  0.0h budget  10 seed1: 0.00 [0.00, 0.04]
[61/62   521s] pretrain  0.0h budget  30 seed1: 0.06 [0.03, 0.12]
[62/62   524s] pretrain  0.0h budget 100 seed1: 0.13 [0.08, 0.21]
wrote s8_scaling\results\transfer.json
